Result for running dominion unit tests: 
unittest1.c:
